I'm sorry, but errors were detected in your script. Please correct the
errors listed below, and try again.


File "game/script.rpy", line 5: invalid syntax
    cha=cha_list[]
                  ^
    

Ren'Py Version: Ren'Py 7.3.2.320
Fri Oct 04 10:37:40 2019
